<area shape="rect" href="$_base_e_a_n_u_p_c_8cpp.html" title="/Dropbox/MSc Course/Final Project/BarcodeKit/BarcodeKit/BaseEANUPC.cpp" alt="" coords="6,80,499,107">
<area shape="rect" href="$_e_a_n13_8h.html" title="/Dropbox/MSc Course/Final Project/BarcodeKit/BarcodeKit/EAN13.h" alt="" coords="574,80,1008,107">
<area shape="rect" href="$_e_a_n13_8cpp.html" title="/Dropbox/MSc Course/Final Project/BarcodeKit/BarcodeKit/EAN13.cpp" alt="" coords="295,155,743,182">
<area shape="rect" href="$_e_a_n8_8h.html" title="/Dropbox/MSc Course/Final Project/BarcodeKit/BarcodeKit/EAN8.h" alt="" coords="1939,80,2366,107">
<area shape="rect" href="$_e_a_n8_8cpp.html" title="/Dropbox/MSc Course/Final Project/BarcodeKit/BarcodeKit/EAN8.cpp" alt="" coords="2751,155,3194,182">
<area shape="rect" href="$_u_p_c_a_8h.html" title="/Dropbox/MSc Course/Final Project/BarcodeKit/BarcodeKit/UPCA.h" alt="" coords="1032,80,1462,107">
<area shape="rect" href="$_u_p_c_a_8cpp.html" title="/Dropbox/MSc Course/Final Project/BarcodeKit/BarcodeKit/UPCA.cpp" alt="" coords="1818,155,2260,182">
<area shape="rect" href="$_u_p_c_e_8h.html" title="/Dropbox/MSc Course/Final Project/BarcodeKit/BarcodeKit/UPCE.h" alt="" coords="1486,80,1915,107">
<area shape="rect" href="$_u_p_c_e_8cpp.html" title="/Dropbox/MSc Course/Final Project/BarcodeKit/BarcodeKit/UPCE.cpp" alt="" coords="2284,155,2727,182">
<area shape="rect" href="$main_8cpp.html" title="/Dropbox/MSc Course/Final Project/BarcodeKit/BarcodeKit/main.cpp" alt="" coords="767,155,1204,182">
<area shape="rect" href="$_r_s_barcode_view_controller_8mm.html" title="/Dropbox/MSc Course/Final Project/BarcodeKit/BarcodeKit/RSBarcodeViewController.mm" alt="" coords="1228,155,1794,182">
