<area shape="rect" href="$class_codabar.html#f63448818abaef61e133e90455b7f027" title="Codabar::encodeCheckCharacter" alt="" coords="191,56,415,83">
<area shape="rect" href="$class_codabar.html#0cfe40cd632a7600f14210eee8df5368" title="Codabar::encodeQuietZones" alt="" coords="204,107,401,133">
<area shape="rect" href="$class_codabar.html#ec410b9e8bbff4a79e0f2eec407489ae" title="Codabar::encodeStartStop" alt="" coords="211,208,395,235">
<area shape="rect" href="$class_codabar.html#3c836b449d793316da23644bbcd304ea" title="Codabar::encodeSymbol" alt="" coords="217,157,388,184">
<area shape="rect" href="$class_base_barcode.html#1a6d7a99fd6bbc7435834114d833ead4" title="BaseBarcode::getXMLToParse" alt="" coords="199,259,407,285">
<area shape="rect" href="$class_base_barcode.html#8b5b4c1334fbb4bfb121aa73d512b150" title="BaseBarcode::setDataLength" alt="" coords="203,309,403,336">
<area shape="rect" href="$class_base_barcode.html#68a8c6a051f5b8b71e5302c84755edea" title="BaseBarcode::verifyData" alt="" coords="216,360,389,387">
<area shape="rect" href="$class_base_barcode.html#75503c2e616ec145493414bd9aa6dba2" title="BaseBarcode::addEncodedSymbol" alt="" coords="465,157,697,184">
<area shape="rect" href="$class_base_barcode.html#102e3f6ff408bcddad6e24805770b966" title="BaseBarcode::createSymbol" alt="" coords="484,107,679,133">
<area shape="rect" href="$class_symbol.html#1aebdf4e184d7740991ad2048ab352a8" title="Symbol::setEncodedData" alt="" coords="755,5,931,32">
<area shape="rect" href="$class_symbol.html#e2dbed2e1bf2f1004b4af276492ce42f" title="Symbol::setForcedPosition" alt="" coords="751,56,935,83">
<area shape="rect" href="$class_symbol.html#e5b718a3ffe844087c0c312f4026bdd1" title="Symbol::setIntercharGap" alt="" coords="757,107,928,133">
<area shape="rect" href="$class_symbol.html#2680f4cabbdc9584ed24415e90c62e92" title="Symbol::setLeadingElement" alt="" coords="748,157,937,184">
<area shape="rect" href="$class_symbol.html#beadcd55e65aaaea05659ba6f4d14ff0" title="Symbol::setSymbolType" alt="" coords="759,208,927,235">
<area shape="rect" href="$class_codabar.html#567d883df5863f64a4edbe3069864058" title="Codabar::stringToVector" alt="" coords="496,208,667,235">
<area shape="rect" href="$class_base_barcode.html#62efd1d57f57dd185e69d867c2435aff" title="BaseBarcode::verifyContent" alt="" coords="485,385,677,412">
<area shape="rect" href="$class_base_barcode.html#2a29866c2a256eab1cc915be9ad5b245" title="BaseBarcode::verifyLength" alt="" coords="489,335,673,361">
