<area shape="rect" href="$class_base_barcode.html#75503c2e616ec145493414bd9aa6dba2" title="BaseBarcode::addEncodedSymbol" alt="" coords="463,56,695,83">
<area shape="rect" href="$main_8cpp.html#d531521b20f608dbbd316e7ceaefbf11" title="createSymbol" alt="" coords="527,107,631,134">
<area shape="rect" href="$class_u_p_c_e.html#946da696b3d005cd9131e63cdb1e85d9" title="UPCE::encodeGuardPatterns" alt="" coords="212,158,412,184">
<area shape="rect" href="$class_u_p_c_e.html#816b46c5a130049c77da4ed21175e651" title="UPCE::stringToVector" alt="" coords="501,208,656,235">
<area shape="rect" href="$class_u_p_c_e.html#ed4e65799ce220892325b8533bc28c71" title="UPCE::zeroSuppression" alt="" coords="228,259,396,286">
<area shape="rect" href="$class_symbol.html#1aebdf4e184d7740991ad2048ab352a8" title="Symbol::setEncodedData" alt="" coords="752,6,928,32">
<area shape="rect" href="$class_symbol.html#e2dbed2e1bf2f1004b4af276492ce42f" title="Symbol::setForcedPosition" alt="" coords="748,56,932,83">
<area shape="rect" href="$class_symbol.html#e5b718a3ffe844087c0c312f4026bdd1" title="Symbol::setIntercharGap" alt="" coords="755,107,925,134">
<area shape="rect" href="$class_symbol.html#2680f4cabbdc9584ed24415e90c62e92" title="Symbol::setLeadingElement" alt="" coords="745,158,935,184">
<area shape="rect" href="$class_symbol.html#beadcd55e65aaaea05659ba6f4d14ff0" title="Symbol::setSymbolType" alt="" coords="756,208,924,235">
<area shape="rect" href="$class_u_p_c_e.html#689aa90f4edc1cfade94e88ed5d2004c" title="UPCE::getGuardPatterns" alt="" coords="492,158,665,184">
<area shape="rect" href="$class_u_p_c_e.html#61566ccf58bdfa0265fc50654aba7ab4" title="UPCE::getZSPattern" alt="" coords="505,259,652,286">
