<area shape="rect" href="$class_base_barcode.html#75503c2e616ec145493414bd9aa6dba2" title="BaseBarcode::addEncodedSymbol" alt="" coords="257,56,489,83">
<area shape="rect" href="$main_8cpp.html#d531521b20f608dbbd316e7ceaefbf11" title="createSymbol" alt="" coords="321,107,425,133">
<area shape="rect" href="$class_u_p_c_a.html#eb45c0c3cffd52d4cbc8f286f159f3e8" title="UPCA::getGuardPatterns" alt="" coords="287,157,460,184">
<area shape="rect" href="$class_u_p_c_a.html#912b57300a3aa95384748be2c0e3ca93" title="UPCA::stringToVector" alt="" coords="296,208,451,235">
<area shape="rect" href="$class_symbol.html#1aebdf4e184d7740991ad2048ab352a8" title="Symbol::setEncodedData" alt="" coords="547,5,723,32">
<area shape="rect" href="$class_symbol.html#e2dbed2e1bf2f1004b4af276492ce42f" title="Symbol::setForcedPosition" alt="" coords="543,56,727,83">
<area shape="rect" href="$class_symbol.html#e5b718a3ffe844087c0c312f4026bdd1" title="Symbol::setIntercharGap" alt="" coords="549,107,720,133">
<area shape="rect" href="$class_symbol.html#2680f4cabbdc9584ed24415e90c62e92" title="Symbol::setLeadingElement" alt="" coords="540,157,729,184">
<area shape="rect" href="$class_symbol.html#beadcd55e65aaaea05659ba6f4d14ff0" title="Symbol::setSymbolType" alt="" coords="551,208,719,235">
