<area shape="rect" href="$class_interleaved2of5.html#8b273b4db22df3eec0e38e5a90805c26" title="Interleaved2of5::encodeSymbol" alt="" coords="320,107,533,133">
<area shape="rect" href="$class_base_barcode.html#75503c2e616ec145493414bd9aa6dba2" title="BaseBarcode::addEncodedSymbol" alt="" coords="583,56,815,83">
<area shape="rect" href="$class_base_barcode.html#102e3f6ff408bcddad6e24805770b966" title="BaseBarcode::createSymbol" alt="" coords="601,107,796,133">
<area shape="rect" href="$class_interleaved2of5.html#ce690a7747fc5f365bffb124d47d179e" title="Interleaved2of5::stringToVector" alt="" coords="593,157,804,184">
<area shape="rect" href="$class_symbol.html#1aebdf4e184d7740991ad2048ab352a8" title="Symbol::setEncodedData" alt="" coords="872,5,1048,32">
<area shape="rect" href="$class_symbol.html#e2dbed2e1bf2f1004b4af276492ce42f" title="Symbol::setForcedPosition" alt="" coords="868,56,1052,83">
<area shape="rect" href="$class_symbol.html#e5b718a3ffe844087c0c312f4026bdd1" title="Symbol::setIntercharGap" alt="" coords="875,107,1045,133">
<area shape="rect" href="$class_symbol.html#2680f4cabbdc9584ed24415e90c62e92" title="Symbol::setLeadingElement" alt="" coords="865,157,1055,184">
<area shape="rect" href="$class_symbol.html#beadcd55e65aaaea05659ba6f4d14ff0" title="Symbol::setSymbolType" alt="" coords="876,208,1044,235">
