<area shape="rect" href="$class_base_barcode.html#75503c2e616ec145493414bd9aa6dba2" title="BaseBarcode::addEncodedSymbol" alt="" coords="283,6,515,32">
<area shape="rect" href="$class_code39.html#2c607c801b4dfaac4a2a92f1c6dc93f6" title="Code39::checksumCharForInt" alt="" coords="297,56,500,83">
<area shape="rect" href="$class_code39.html#1abc93c5a643a9a7c1543573188afea4" title="Code39::checksumIntForChar" alt="" coords="297,107,500,134">
<area shape="rect" href="$class_base_barcode.html#102e3f6ff408bcddad6e24805770b966" title="BaseBarcode::createSymbol" alt="" coords="301,158,496,184">
<area shape="rect" href="$class_base_barcode.html#c1ddcf3c8cd85d6801f796ea13c978bf" title="BaseBarcode::getCheckcharModulus" alt="" coords="276,208,521,235">
<area shape="rect" href="$class_code39.html#eda3508cb7267c0aed6568b6d6229c80" title="Code39::stringToVector" alt="" coords="316,259,481,286">
<area shape="rect" href="$class_symbol.html#1aebdf4e184d7740991ad2048ab352a8" title="Symbol::setEncodedData" alt="" coords="579,56,755,83">
<area shape="rect" href="$class_symbol.html#e2dbed2e1bf2f1004b4af276492ce42f" title="Symbol::setForcedPosition" alt="" coords="575,107,759,134">
<area shape="rect" href="$class_symbol.html#e5b718a3ffe844087c0c312f4026bdd1" title="Symbol::setIntercharGap" alt="" coords="581,158,752,184">
<area shape="rect" href="$class_symbol.html#2680f4cabbdc9584ed24415e90c62e92" title="Symbol::setLeadingElement" alt="" coords="572,208,761,235">
<area shape="rect" href="$class_symbol.html#beadcd55e65aaaea05659ba6f4d14ff0" title="Symbol::setSymbolType" alt="" coords="583,259,751,286">
