<area shape="rect" href="$class_base_e_a_n_u_p_c.html#a6bef2adda86eb5c795f9fd93580ddcc" title="BaseEANUPC::encodeCheckCharacter" alt="" coords="168,5,427,32">
<area shape="rect" href="$class_e_a_n13.html#b169fe703922e1c9ce7c1d954d0fb009" title="EAN13::encodeQuietZones" alt="" coords="204,81,391,108">
<area shape="rect" href="$class_base_barcode.html#1a6d7a99fd6bbc7435834114d833ead4" title="BaseBarcode::getXMLToParse" alt="" coords="193,132,401,159">
<area shape="rect" href="$class_base_barcode.html#8b5b4c1334fbb4bfb121aa73d512b150" title="BaseBarcode::setDataLength" alt="" coords="197,183,397,209">
<area shape="rect" href="$class_e_a_n13.html#6b0ca04e742a81b8002cc6268697d790" title="EAN13::setGuardPatterns" alt="" coords="208,233,387,260">
<area shape="rect" href="$class_base_barcode.html#68a8c6a051f5b8b71e5302c84755edea" title="BaseBarcode::verifyData" alt="" coords="211,284,384,311">
<area shape="rect" href="$class_base_e_a_n_u_p_c.html#6e57c077bfd0df248fdc3272d8eb3eb4" title="BaseEANUPC::encodeSymbol" alt="" coords="491,5,696,32">
<area shape="rect" href="$class_base_barcode.html#75503c2e616ec145493414bd9aa6dba2" title="BaseBarcode::addEncodedSymbol" alt="" coords="477,56,709,83">
<area shape="rect" href="$class_base_barcode.html#102e3f6ff408bcddad6e24805770b966" title="BaseBarcode::createSymbol" alt="" coords="496,107,691,133">
<area shape="rect" href="$class_base_barcode.html#7cd653d7936be5f0adedc2d901a128b9" title="BaseBarcode::getEncodedSymbols" alt="" coords="476,157,711,184">
<area shape="rect" href="$class_symbol.html#1aebdf4e184d7740991ad2048ab352a8" title="Symbol::setEncodedData" alt="" coords="768,5,944,32">
<area shape="rect" href="$class_symbol.html#e2dbed2e1bf2f1004b4af276492ce42f" title="Symbol::setForcedPosition" alt="" coords="764,56,948,83">
<area shape="rect" href="$class_symbol.html#e5b718a3ffe844087c0c312f4026bdd1" title="Symbol::setIntercharGap" alt="" coords="771,107,941,133">
<area shape="rect" href="$class_symbol.html#2680f4cabbdc9584ed24415e90c62e92" title="Symbol::setLeadingElement" alt="" coords="761,157,951,184">
<area shape="rect" href="$class_symbol.html#beadcd55e65aaaea05659ba6f4d14ff0" title="Symbol::setSymbolType" alt="" coords="772,208,940,235">
<area shape="rect" href="$class_base_barcode.html#62efd1d57f57dd185e69d867c2435aff" title="BaseBarcode::verifyContent" alt="" coords="497,259,689,285">
<area shape="rect" href="$class_base_barcode.html#2a29866c2a256eab1cc915be9ad5b245" title="BaseBarcode::verifyLength" alt="" coords="501,309,685,336">
