<area shape="rect" href="$class_base_barcode.html#75503c2e616ec145493414bd9aa6dba2" title="BaseBarcode::addEncodedSymbol" alt="" coords="492,192,724,219">
<area shape="rect" href="$class_base_barcode.html#102e3f6ff408bcddad6e24805770b966" title="BaseBarcode::createSymbol" alt="" coords="511,243,706,270">
<area shape="rect" href="$class_code128.html#385c99e9885abd1a766b3388de85a031" title="Code128::encodeCheckCharacter" alt="" coords="206,91,432,118">
<area shape="rect" href="$class_code128.html#2ccae0b6dcfdd41201672c414d7d037f" title="Code128::stringToVector" alt="" coords="522,91,695,118">
<area shape="rect" href="$class_code128.html#4fe30d44c3f9733c72b4bae39096cbee" title="Code128::encodeQuietZones" alt="" coords="219,243,419,270">
<area shape="rect" href="$class_code128.html#c8c39c2a5da09ce3b63373c73bac8e7f" title="Code128::encodeStartStop" alt="" coords="226,192,412,219">
<area shape="rect" href="$class_base128.html#197c91cd56eda123a3348c8787599bcd" title="Base128::encodeSymbol" alt="" coords="232,344,406,371">
<area shape="rect" href="$class_base_barcode.html#1a6d7a99fd6bbc7435834114d833ead4" title="BaseBarcode::getXMLToParse" alt="" coords="504,395,712,422">
<area shape="rect" href="$class_code128.html#165208c698a833a54c235c9a7e900869" title="Code128::getSet" alt="" coords="258,446,380,472">
<area shape="rect" href="$class_base_barcode.html#50ca1eb8e9b07402a60dd54b92bb9f18" title="BaseBarcode::setCheckcharModulus" alt="" coords="196,496,442,523">
<area shape="rect" href="$class_base_barcode.html#8b5b4c1334fbb4bfb121aa73d512b150" title="BaseBarcode::setDataLength" alt="" coords="219,547,419,574">
<area shape="rect" href="$class_base_barcode.html#68a8c6a051f5b8b71e5302c84755edea" title="BaseBarcode::verifyData" alt="" coords="232,598,406,624">
<area shape="rect" href="$class_symbol.html#1aebdf4e184d7740991ad2048ab352a8" title="Symbol::setEncodedData" alt="" coords="782,142,958,168">
<area shape="rect" href="$class_symbol.html#e2dbed2e1bf2f1004b4af276492ce42f" title="Symbol::setForcedPosition" alt="" coords="778,192,962,219">
<area shape="rect" href="$class_symbol.html#e5b718a3ffe844087c0c312f4026bdd1" title="Symbol::setIntercharGap" alt="" coords="784,243,955,270">
<area shape="rect" href="$class_symbol.html#2680f4cabbdc9584ed24415e90c62e92" title="Symbol::setLeadingElement" alt="" coords="775,294,964,320">
<area shape="rect" href="$class_symbol.html#beadcd55e65aaaea05659ba6f4d14ff0" title="Symbol::setSymbolType" alt="" coords="786,344,954,371">
<area shape="rect" href="$class_base_barcode.html#eae213dc4bdb40a220cf6e6cd77f10f2" title="BaseBarcode::returnDOMValues" alt="" coords="499,344,718,371">
<area shape="rect" href="$class_base_barcode.html#62efd1d57f57dd185e69d867c2435aff" title="BaseBarcode::verifyContent" alt="" coords="512,623,704,650">
<area shape="rect" href="$class_base_barcode.html#2a29866c2a256eab1cc915be9ad5b245" title="BaseBarcode::verifyLength" alt="" coords="516,572,700,599">
