<area shape="rect" href="$class_interleaved2of5.html#5cac0458c3871893198c534a4af16bbc" title="Interleaved2of5::encodeCheckCharacter" alt="" coords="272,208,539,235">
<area shape="rect" href="$class_interleaved2of5.html#e8738a897e8b98234246aefa030bdb9e" title="Interleaved2of5::encodeQuietZones" alt="" coords="588,107,826,133">
<area shape="rect" href="$class_interleaved2of5.html#f609d36ee1f669ce777fad78b3aa7079" title="Interleaved2of5::encodeStartStop" alt="" coords="595,157,819,184">
<area shape="rect" href="$class_base_barcode.html#1a6d7a99fd6bbc7435834114d833ead4" title="BaseBarcode::getXMLToParse" alt="" coords="302,259,510,285">
<area shape="rect" href="$class_base_barcode.html#50ca1eb8e9b07402a60dd54b92bb9f18" title="BaseBarcode::setCheckcharModulus" alt="" coords="283,309,528,336">
<area shape="rect" href="$class_base_barcode.html#8b5b4c1334fbb4bfb121aa73d512b150" title="BaseBarcode::setDataLength" alt="" coords="306,360,506,387">
<area shape="rect" href="$class_base_barcode.html#68a8c6a051f5b8b71e5302c84755edea" title="BaseBarcode::verifyData" alt="" coords="319,411,492,437">
<area shape="rect" href="$class_interleaved2of5.html#8b273b4db22df3eec0e38e5a90805c26" title="Interleaved2of5::encodeSymbol" alt="" coords="600,208,814,235">
<area shape="rect" href="$class_base_barcode.html#75503c2e616ec145493414bd9aa6dba2" title="BaseBarcode::addEncodedSymbol" alt="" coords="876,157,1108,184">
<area shape="rect" href="$class_base_barcode.html#102e3f6ff408bcddad6e24805770b966" title="BaseBarcode::createSymbol" alt="" coords="895,107,1090,133">
<area shape="rect" href="$class_interleaved2of5.html#ce690a7747fc5f365bffb124d47d179e" title="Interleaved2of5::stringToVector" alt="" coords="887,208,1098,235">
<area shape="rect" href="$class_symbol.html#1aebdf4e184d7740991ad2048ab352a8" title="Symbol::setEncodedData" alt="" coords="1166,5,1342,32">
<area shape="rect" href="$class_symbol.html#e2dbed2e1bf2f1004b4af276492ce42f" title="Symbol::setForcedPosition" alt="" coords="1162,56,1346,83">
<area shape="rect" href="$class_symbol.html#e5b718a3ffe844087c0c312f4026bdd1" title="Symbol::setIntercharGap" alt="" coords="1168,107,1339,133">
<area shape="rect" href="$class_symbol.html#2680f4cabbdc9584ed24415e90c62e92" title="Symbol::setLeadingElement" alt="" coords="1159,157,1348,184">
<area shape="rect" href="$class_symbol.html#beadcd55e65aaaea05659ba6f4d14ff0" title="Symbol::setSymbolType" alt="" coords="1170,208,1338,235">
<area shape="rect" href="$class_base_barcode.html#62efd1d57f57dd185e69d867c2435aff" title="BaseBarcode::verifyContent" alt="" coords="611,436,803,463">
<area shape="rect" href="$class_base_barcode.html#2a29866c2a256eab1cc915be9ad5b245" title="BaseBarcode::verifyLength" alt="" coords="615,385,799,412">
