<area shape="rect" href="$class_base_barcode.html#75503c2e616ec145493414bd9aa6dba2" title="BaseBarcode::addEncodedSymbol" alt="" coords="459,56,691,83">
<area shape="rect" href="$class_base_barcode.html#102e3f6ff408bcddad6e24805770b966" title="BaseBarcode::createSymbol" alt="" coords="478,107,672,134">
<area shape="rect" href="$class_e_a_n8.html#ee3868a9454e5f05b31f6ab1fc0af212" title="EAN8::encodeGuardPatterns" alt="" coords="210,158,407,184">
<area shape="rect" href="$class_e_a_n8.html#baf421b7d57bce35f22675aa98f0d7cc" title="EAN8::stringToVector" alt="" coords="498,259,652,286">
<area shape="rect" href="$class_symbol.html#1aebdf4e184d7740991ad2048ab352a8" title="Symbol::setEncodedData" alt="" coords="750,6,926,32">
<area shape="rect" href="$class_symbol.html#e2dbed2e1bf2f1004b4af276492ce42f" title="Symbol::setForcedPosition" alt="" coords="746,56,930,83">
<area shape="rect" href="$class_symbol.html#e5b718a3ffe844087c0c312f4026bdd1" title="Symbol::setIntercharGap" alt="" coords="752,107,923,134">
<area shape="rect" href="$class_symbol.html#2680f4cabbdc9584ed24415e90c62e92" title="Symbol::setLeadingElement" alt="" coords="743,158,932,184">
<area shape="rect" href="$class_symbol.html#beadcd55e65aaaea05659ba6f4d14ff0" title="Symbol::setSymbolType" alt="" coords="754,208,922,235">
<area shape="rect" href="$class_base_barcode.html#7cd653d7936be5f0adedc2d901a128b9" title="BaseBarcode::getEncodedSymbols" alt="" coords="458,208,692,235">
<area shape="rect" href="$class_e_a_n8.html#b8ea33cdb7365fe3f2467f111dad75b0" title="EAN8::getGuardPatterns" alt="" coords="488,158,662,184">
