<area shape="rect" href="$class_code39.html#2ea469796737583f0adc396adff4f305" title="Code39::encodeCheckCharacter" alt="" coords="193,208,412,235">
<area shape="rect" href="$class_code39.html#f82ce9ce3d89680278be964cc87ee4e0" title="Code39::encodeQuietZones" alt="" coords="207,56,399,83">
<area shape="rect" href="$class_code39.html#2bd5e12141d79e1502a2c3f06f9df6ba" title="Code39::encodeStartStop" alt="" coords="213,107,392,133">
<area shape="rect" href="$class_code39.html#d4e29361662a9fd86983407c51ed0077" title="Code39::encodeSymbol" alt="" coords="220,157,385,184">
<area shape="rect" href="$class_base_barcode.html#1a6d7a99fd6bbc7435834114d833ead4" title="BaseBarcode::getXMLToParse" alt="" coords="199,259,407,285">
<area shape="rect" href="$class_base_barcode.html#50ca1eb8e9b07402a60dd54b92bb9f18" title="BaseBarcode::setCheckcharModulus" alt="" coords="180,309,425,336">
<area shape="rect" href="$class_base_barcode.html#8b5b4c1334fbb4bfb121aa73d512b150" title="BaseBarcode::setDataLength" alt="" coords="203,360,403,387">
<area shape="rect" href="$class_base_barcode.html#68a8c6a051f5b8b71e5302c84755edea" title="BaseBarcode::verifyData" alt="" coords="216,411,389,437">
<area shape="rect" href="$class_base_barcode.html#75503c2e616ec145493414bd9aa6dba2" title="BaseBarcode::addEncodedSymbol" alt="" coords="483,56,715,83">
<area shape="rect" href="$class_code39.html#2c607c801b4dfaac4a2a92f1c6dc93f6" title="Code39::checksumCharForInt" alt="" coords="497,208,700,235">
<area shape="rect" href="$class_code39.html#1abc93c5a643a9a7c1543573188afea4" title="Code39::checksumIntForChar" alt="" coords="497,259,700,285">
<area shape="rect" href="$class_base_barcode.html#102e3f6ff408bcddad6e24805770b966" title="BaseBarcode::createSymbol" alt="" coords="501,107,696,133">
<area shape="rect" href="$class_base_barcode.html#c1ddcf3c8cd85d6801f796ea13c978bf" title="BaseBarcode::getCheckcharModulus" alt="" coords="476,309,721,336">
<area shape="rect" href="$class_code39.html#eda3508cb7267c0aed6568b6d6229c80" title="Code39::stringToVector" alt="" coords="516,157,681,184">
<area shape="rect" href="$class_symbol.html#1aebdf4e184d7740991ad2048ab352a8" title="Symbol::setEncodedData" alt="" coords="779,5,955,32">
<area shape="rect" href="$class_symbol.html#e2dbed2e1bf2f1004b4af276492ce42f" title="Symbol::setForcedPosition" alt="" coords="775,56,959,83">
<area shape="rect" href="$class_symbol.html#e5b718a3ffe844087c0c312f4026bdd1" title="Symbol::setIntercharGap" alt="" coords="781,107,952,133">
<area shape="rect" href="$class_symbol.html#2680f4cabbdc9584ed24415e90c62e92" title="Symbol::setLeadingElement" alt="" coords="772,157,961,184">
<area shape="rect" href="$class_symbol.html#beadcd55e65aaaea05659ba6f4d14ff0" title="Symbol::setSymbolType" alt="" coords="783,208,951,235">
<area shape="rect" href="$class_base_barcode.html#62efd1d57f57dd185e69d867c2435aff" title="BaseBarcode::verifyContent" alt="" coords="503,385,695,412">
<area shape="rect" href="$class_base_barcode.html#2a29866c2a256eab1cc915be9ad5b245" title="BaseBarcode::verifyLength" alt="" coords="507,436,691,463">
