<area shape="rect" href="$class_base_e_a_n_u_p_c.html#a6bef2adda86eb5c795f9fd93580ddcc" title="BaseEANUPC::encodeCheckCharacter" alt="" coords="155,5,413,32">
<area shape="rect" href="$class_e_a_n8.html#a7817edc465fef46a83e9ea103683d8c" title="EAN8::encodeQuietZones" alt="" coords="195,81,373,108">
<area shape="rect" href="$class_base_barcode.html#1a6d7a99fd6bbc7435834114d833ead4" title="BaseBarcode::getXMLToParse" alt="" coords="180,132,388,159">
<area shape="rect" href="$class_base_barcode.html#8b5b4c1334fbb4bfb121aa73d512b150" title="BaseBarcode::setDataLength" alt="" coords="184,183,384,209">
<area shape="rect" href="$class_e_a_n8.html#73f2588ff1b5fd597f95c9465dc16ab8" title="EAN8::setGuardPatterns" alt="" coords="199,233,369,260">
<area shape="rect" href="$class_base_barcode.html#68a8c6a051f5b8b71e5302c84755edea" title="BaseBarcode::verifyData" alt="" coords="197,284,371,311">
<area shape="rect" href="$class_base_e_a_n_u_p_c.html#6e57c077bfd0df248fdc3272d8eb3eb4" title="BaseEANUPC::encodeSymbol" alt="" coords="477,5,683,32">
<area shape="rect" href="$class_base_barcode.html#75503c2e616ec145493414bd9aa6dba2" title="BaseBarcode::addEncodedSymbol" alt="" coords="464,56,696,83">
<area shape="rect" href="$class_base_barcode.html#102e3f6ff408bcddad6e24805770b966" title="BaseBarcode::createSymbol" alt="" coords="483,107,677,133">
<area shape="rect" href="$class_base_barcode.html#7cd653d7936be5f0adedc2d901a128b9" title="BaseBarcode::getEncodedSymbols" alt="" coords="463,157,697,184">
<area shape="rect" href="$class_symbol.html#1aebdf4e184d7740991ad2048ab352a8" title="Symbol::setEncodedData" alt="" coords="755,5,931,32">
<area shape="rect" href="$class_symbol.html#e2dbed2e1bf2f1004b4af276492ce42f" title="Symbol::setForcedPosition" alt="" coords="751,56,935,83">
<area shape="rect" href="$class_symbol.html#e5b718a3ffe844087c0c312f4026bdd1" title="Symbol::setIntercharGap" alt="" coords="757,107,928,133">
<area shape="rect" href="$class_symbol.html#2680f4cabbdc9584ed24415e90c62e92" title="Symbol::setLeadingElement" alt="" coords="748,157,937,184">
<area shape="rect" href="$class_symbol.html#beadcd55e65aaaea05659ba6f4d14ff0" title="Symbol::setSymbolType" alt="" coords="759,208,927,235">
<area shape="rect" href="$class_base_barcode.html#62efd1d57f57dd185e69d867c2435aff" title="BaseBarcode::verifyContent" alt="" coords="484,259,676,285">
<area shape="rect" href="$class_base_barcode.html#2a29866c2a256eab1cc915be9ad5b245" title="BaseBarcode::verifyLength" alt="" coords="488,309,672,336">
