<area shape="rect" href="$class_base_barcode.html#75503c2e616ec145493414bd9aa6dba2" title="BaseBarcode::addEncodedSymbol" alt="" coords="256,56,488,83">
<area shape="rect" href="$class_base_barcode.html#102e3f6ff408bcddad6e24805770b966" title="BaseBarcode::createSymbol" alt="" coords="275,107,469,134">
<area shape="rect" href="$class_base_barcode.html#7cd653d7936be5f0adedc2d901a128b9" title="BaseBarcode::getEncodedSymbols" alt="" coords="255,158,489,184">
<area shape="rect" href="$class_e_a_n8.html#b8ea33cdb7365fe3f2467f111dad75b0" title="EAN8::getGuardPatterns" alt="" coords="285,208,459,235">
<area shape="rect" href="$class_e_a_n8.html#baf421b7d57bce35f22675aa98f0d7cc" title="EAN8::stringToVector" alt="" coords="295,259,449,286">
<area shape="rect" href="$class_symbol.html#1aebdf4e184d7740991ad2048ab352a8" title="Symbol::setEncodedData" alt="" coords="547,6,723,32">
<area shape="rect" href="$class_symbol.html#e2dbed2e1bf2f1004b4af276492ce42f" title="Symbol::setForcedPosition" alt="" coords="543,56,727,83">
<area shape="rect" href="$class_symbol.html#e5b718a3ffe844087c0c312f4026bdd1" title="Symbol::setIntercharGap" alt="" coords="549,107,720,134">
<area shape="rect" href="$class_symbol.html#2680f4cabbdc9584ed24415e90c62e92" title="Symbol::setLeadingElement" alt="" coords="540,158,729,184">
<area shape="rect" href="$class_symbol.html#beadcd55e65aaaea05659ba6f4d14ff0" title="Symbol::setSymbolType" alt="" coords="551,208,719,235">
