<area shape="rect" href="$class_base_barcode.html#75503c2e616ec145493414bd9aa6dba2" title="BaseBarcode::addEncodedSymbol" alt="" coords="472,56,704,83">
<area shape="rect" href="$class_base_barcode.html#102e3f6ff408bcddad6e24805770b966" title="BaseBarcode::createSymbol" alt="" coords="491,107,685,134">
<area shape="rect" href="$class_e_a_n13.html#9efccb87fd8742a2dc344f3e00a35cbf" title="EAN13::encodeGuardPatterns" alt="" coords="216,158,421,184">
<area shape="rect" href="$class_e_a_n13.html#45d516feef522f7678a49f1c0e03a017" title="EAN13::stringToVector" alt="" coords="508,259,668,286">
<area shape="rect" href="$class_symbol.html#1aebdf4e184d7740991ad2048ab352a8" title="Symbol::setEncodedData" alt="" coords="763,6,939,32">
<area shape="rect" href="$class_symbol.html#e2dbed2e1bf2f1004b4af276492ce42f" title="Symbol::setForcedPosition" alt="" coords="759,56,943,83">
<area shape="rect" href="$class_symbol.html#e5b718a3ffe844087c0c312f4026bdd1" title="Symbol::setIntercharGap" alt="" coords="765,107,936,134">
<area shape="rect" href="$class_symbol.html#2680f4cabbdc9584ed24415e90c62e92" title="Symbol::setLeadingElement" alt="" coords="756,158,945,184">
<area shape="rect" href="$class_symbol.html#beadcd55e65aaaea05659ba6f4d14ff0" title="Symbol::setSymbolType" alt="" coords="767,208,935,235">
<area shape="rect" href="$class_base_barcode.html#7cd653d7936be5f0adedc2d901a128b9" title="BaseBarcode::getEncodedSymbols" alt="" coords="471,208,705,235">
<area shape="rect" href="$class_e_a_n13.html#aa99f3a0e38eedb9d340bf8c8344233d" title="EAN13::getGuardPatterns" alt="" coords="499,158,677,184">
